// Jest Snapshot v1, https://goo.gl/fbAQLP

exports[`App component should render game App component 1`] = `
<div
  className="game"
>
  <div
    className="game-info"
  >
    <Info />
  </div>
  <div
    className="game-board"
  >
    <Board
      onClick={[Function]}
      tiles={
        Array [
          null,
          null,
          null,
          null,
          null,
          null,
          null,
          null,
          null,
        ]
      }
    />
  </div>
  <div
    className="game-history"
  >
    <History />
  </div>
</div>
`;
