// Jest Snapshot v1, https://goo.gl/fbAQLP

exports[`History component should render History component 1`] = `
<div>
  <button
    key="1"
  >
    Go back to move #
    1
  </button>
  <button
    key="2"
  >
    Go back to move #
    2
  </button>
  <button
    key="3"
  >
    Go back to move #
    3
  </button>
  <button
    key="4"
  >
    Go back to move #
    4
  </button>
  <button
    key="5"
  >
    Go back to move #
    5
  </button>
  <button
    key="6"
  >
    Go back to move #
    6
  </button>
  <button
    key="7"
  >
    Go back to move #
    7
  </button>
  <button
    key="8"
  >
    Go back to move #
    8
  </button>
</div>
`;
